#-----------------------------------------------------------
# Vivado v2024.1 (64-bit)
# SW Build 5076996 on Wed May 22 18:37:14 MDT 2024
# IP Build 5075265 on Wed May 22 21:45:21 MDT 2024
# SharedData Build 5076995 on Wed May 22 18:29:18 MDT 2024
# Start of session at: Sun Oct  6 18:30:19 2024
# Process ID: 3524
# Current directory: D:/xilinx/projects/project_7/project_7.runs/synth_1
# Command line: vivado.exe -log top.vds -product Vivado -mode batch -messageDb vivado.pb -notrace -source top.tcl
# Log file: D:/xilinx/projects/project_7/project_7.runs/synth_1/top.vds
# Journal file: D:/xilinx/projects/project_7/project_7.runs/synth_1\vivado.jou
# Running On        :DESKTOP-DKV49J6
# Platform          :Windows Server 2016 or Windows 10
# Operating System  :22631
# Processor Detail  :Intel(R) Core(TM) i7-10700KF CPU @ 3.80GHz
# CPU Frequency     :3792 MHz
# CPU Physical cores:8
# CPU Logical cores :16
# Host memory       :16939 MB
# Swap memory       :15032 MB
# Total Virtual     :31971 MB
# Available Virtual :9272 MB
#-----------------------------------------------------------
source top.tcl -notrace
